// Jest Snapshot v1, https://goo.gl/fbAQLP

exports[`Server app integration tests snapshot demo 1`] = `"Reservation with id 1234 not found"`;
